
> fundas-web@0.1.0 build
> next build

  Ôû▓ Next.js 14.2.35

   Creating an optimized production build ...
 Ô£ô Compiled successfully
   Linting and checking validity of types ...
   Collecting page data ...
   Generating static pages (0/24) ...
node.exe : Error: 
supabaseUrl is 
required.
En línea: 1 
Carácter: 1
+ & "C:\Program Files
\nodejs/node.exe" 
"C:\Program 
Files\nodejs/node_mo 
...
+ ~~~~~~~~~~~~~~~~~~~
~~~~~~~~~~~~~~~~~~~~~
~~~~~~~~~~~~~~~~~~~~~
~~~~~~~~
    + CategoryInfo   
           : NotSpe  
  cified: (Error:    
 supabaseUrl is r    
equired.:String)     
[], RemoteExcep    
tion
    + FullyQualified 
   ErrorId : Native  
  CommandError
 
    at 
C:\Users\AKRAM 
DAHOUTI AZOUZ\Downloa
ds\akram.sultana-web\
web-fundas\.next\serv
er\chunks\500.js:38:4
7569
    at new rE 
(C:\Users\AKRAM 
DAHOUTI AZOUZ\Downloa
ds\akram.sultana-web\
web-fundas\.next\serv
er\chunks\500.js:38:4
7820)
    at rS 
(C:\Users\AKRAM 
DAHOUTI AZOUZ\Downloa
ds\akram.sultana-web\
web-fundas\.next\serv
er\chunks\500.js:38:5
1503)
    at 5472 
(C:\Users\AKRAM 
DAHOUTI AZOUZ\Downloa
ds\akram.sultana-web\
web-fundas\.next\serv
er\chunks\757.js:1:14
233)
    at t 
(C:\Users\AKRAM 
DAHOUTI AZOUZ\Downloa
ds\akram.sultana-web\
web-fundas\.next\serv
er\webpack-runtime.js
:1:127)
    at 2074 
(C:\Users\AKRAM 
DAHOUTI AZOUZ\Downloa
ds\akram.sultana-web\
web-fundas\.next\serv
er\app\admin\page.js:
1:2152)
    at Object.t [as 
require] 
(C:\Users\AKRAM 
DAHOUTI AZOUZ\Downloa
ds\akram.sultana-web\
web-fundas\.next\serv
er\webpack-runtime.js
:1:127)
    at require 
(C:\Users\AKRAM 
DAHOUTI AZOUZ\Downloa
ds\akram.sultana-web\
web-fundas\node_modul
es\next\dist\compiled
\next-server\app-page
.runtime.prod.js:17:1
8811)
    at s 
(C:\Users\AKRAM 
DAHOUTI AZOUZ\Downloa
ds\akram.sultana-web\
web-fundas\node_modul
es\next\dist\compiled
\next-server\app-page
.runtime.prod.js:12:8
8330)
    at 
C:\Users\AKRAM 
DAHOUTI AZOUZ\Downloa
ds\akram.sultana-web\
web-fundas\node_modul
es\next\dist\compiled
\next-server\app-page
.runtime.prod.js:12:9
8875 {
  digest: 
'2437047172'
}

Error occurred 
prerendering page 
"/admin". Read more: 
https://nextjs.org/do
cs/messages/prerender
-error

Error: supabaseUrl 
is required.
    at 
C:\Users\AKRAM 
DAHOUTI AZOUZ\Downloa
ds\akram.sultana-web\
web-fundas\.next\serv
er\chunks\500.js:38:4
7569
    at new rE 
(C:\Users\AKRAM 
DAHOUTI AZOUZ\Downloa
ds\akram.sultana-web\
web-fundas\.next\serv
er\chunks\500.js:38:4
7820)
    at rS 
(C:\Users\AKRAM 
DAHOUTI AZOUZ\Downloa
ds\akram.sultana-web\
web-fundas\.next\serv
er\chunks\500.js:38:5
1503)
    at 5472 
(C:\Users\AKRAM 
DAHOUTI AZOUZ\Downloa
ds\akram.sultana-web\
web-fundas\.next\serv
er\chunks\757.js:1:14
233)
    at t 
(C:\Users\AKRAM 
DAHOUTI AZOUZ\Downloa
ds\akram.sultana-web\
web-fundas\.next\serv
er\webpack-runtime.js
:1:127)
    at 2074 
(C:\Users\AKRAM 
DAHOUTI AZOUZ\Downloa
ds\akram.sultana-web\
web-fundas\.next\serv
er\app\admin\page.js:
1:2152)
    at Object.t [as 
require] 
(C:\Users\AKRAM 
DAHOUTI AZOUZ\Downloa
ds\akram.sultana-web\
web-fundas\.next\serv
er\webpack-runtime.js
:1:127)
    at require 
(C:\Users\AKRAM 
DAHOUTI AZOUZ\Downloa
ds\akram.sultana-web\
web-fundas\node_modul
es\next\dist\compiled
\next-server\app-page
.runtime.prod.js:17:1
8811)
    at s 
(C:\Users\AKRAM 
DAHOUTI AZOUZ\Downloa
ds\akram.sultana-web\
web-fundas\node_modul
es\next\dist\compiled
\next-server\app-page
.runtime.prod.js:12:8
8330)
    at 
C:\Users\AKRAM 
DAHOUTI AZOUZ\Downloa
ds\akram.sultana-web\
web-fundas\node_modul
es\next\dist\compiled
\next-server\app-page
.runtime.prod.js:12:9
8875
Error: supabaseUrl 
is required.
    at 
C:\Users\AKRAM 
DAHOUTI AZOUZ\Downloa
ds\akram.sultana-web\
web-fundas\.next\serv
er\chunks\500.js:38:4
7569
    at new rE 
(C:\Users\AKRAM 
DAHOUTI AZOUZ\Downloa
ds\akram.sultana-web\
web-fundas\.next\serv
er\chunks\500.js:38:4
7820)
    at rS 
(C:\Users\AKRAM 
DAHOUTI AZOUZ\Downloa
ds\akram.sultana-web\
web-fundas\.next\serv
er\chunks\500.js:38:5
1503)
    at 5472 
(C:\Users\AKRAM 
DAHOUTI AZOUZ\Downloa
ds\akram.sultana-web\
web-fundas\.next\serv
er\chunks\757.js:1:14
233)
    at t 
(C:\Users\AKRAM 
DAHOUTI AZOUZ\Downloa
ds\akram.sultana-web\
web-fundas\.next\serv
er\webpack-runtime.js
:1:127)
    at 5035 
(C:\Users\AKRAM 
DAHOUTI AZOUZ\Downloa
ds\akram.sultana-web\
web-fundas\.next\serv
er\chunks\757.js:1:13
037)
    at t 
(C:\Users\AKRAM 
DAHOUTI AZOUZ\Downloa
ds\akram.sultana-web\
web-fundas\.next\serv
er\webpack-runtime.js
:1:127)
    at 6728 
(C:\Users\AKRAM 
DAHOUTI AZOUZ\Downloa
ds\akram.sultana-web\
web-fundas\.next\serv
er\chunks\757.js:1:14
03)
    at Object.t [as 
require] 
(C:\Users\AKRAM 
DAHOUTI AZOUZ\Downloa
ds\akram.sultana-web\
web-fundas\.next\serv
er\webpack-runtime.js
:1:127)
    at require 
(C:\Users\AKRAM 
DAHOUTI AZOUZ\Downloa
ds\akram.sultana-web\
web-fundas\node_modul
es\next\dist\compiled
\next-server\app-page
.runtime.prod.js:17:1
8811) {
  digest: '792840869'
}

Error occurred 
prerendering page 
"/about". Read more: 
https://nextjs.org/do
cs/messages/prerender
-error

Error: supabaseUrl 
is required.
    at 
C:\Users\AKRAM 
DAHOUTI AZOUZ\Downloa
ds\akram.sultana-web\
web-fundas\.next\serv
er\chunks\500.js:38:4
7569
    at new rE 
(C:\Users\AKRAM 
DAHOUTI AZOUZ\Downloa
ds\akram.sultana-web\
web-fundas\.next\serv
er\chunks\500.js:38:4
7820)
    at rS 
(C:\Users\AKRAM 
DAHOUTI AZOUZ\Downloa
ds\akram.sultana-web\
web-fundas\.next\serv
er\chunks\500.js:38:5
1503)
    at 5472 
(C:\Users\AKRAM 
DAHOUTI AZOUZ\Downloa
ds\akram.sultana-web\
web-fundas\.next\serv
er\chunks\757.js:1:14
233)
    at t 
(C:\Users\AKRAM 
DAHOUTI AZOUZ\Downloa
ds\akram.sultana-web\
web-fundas\.next\serv
er\webpack-runtime.js
:1:127)
    at 5035 
(C:\Users\AKRAM 
DAHOUTI AZOUZ\Downloa
ds\akram.sultana-web\
web-fundas\.next\serv
er\chunks\757.js:1:13
037)
    at t 
(C:\Users\AKRAM 
DAHOUTI AZOUZ\Downloa
ds\akram.sultana-web\
web-fundas\.next\serv
er\webpack-runtime.js
:1:127)
    at 6728 
(C:\Users\AKRAM 
DAHOUTI AZOUZ\Downloa
ds\akram.sultana-web\
web-fundas\.next\serv
er\chunks\757.js:1:14
03)
    at Object.t [as 
require] 
(C:\Users\AKRAM 
DAHOUTI AZOUZ\Downloa
ds\akram.sultana-web\
web-fundas\.next\serv
er\webpack-runtime.js
:1:127)
    at require 
(C:\Users\AKRAM 
DAHOUTI AZOUZ\Downloa
ds\akram.sultana-web\
web-fundas\node_modul
es\next\dist\compiled
\next-server\app-page
.runtime.prod.js:17:1
8811)
Error: supabaseUrl 
is required.
    at 
C:\Users\AKRAM 
DAHOUTI AZOUZ\Downloa
ds\akram.sultana-web\
web-fundas\.next\serv
er\chunks\500.js:38:4
7569
    at new rE 
(C:\Users\AKRAM 
DAHOUTI AZOUZ\Downloa
ds\akram.sultana-web\
web-fundas\.next\serv
er\chunks\500.js:38:4
7820)
    at rS 
(C:\Users\AKRAM 
DAHOUTI AZOUZ\Downloa
ds\akram.sultana-web\
web-fundas\.next\serv
er\chunks\500.js:38:5
1503)
    at 5472 
(C:\Users\AKRAM 
DAHOUTI AZOUZ\Downloa
ds\akram.sultana-web\
web-fundas\.next\serv
er\chunks\757.js:1:14
233)
    at t 
(C:\Users\AKRAM 
DAHOUTI AZOUZ\Downloa
ds\akram.sultana-web\
web-fundas\.next\serv
er\webpack-runtime.js
:1:127)
    at 5035 
(C:\Users\AKRAM 
DAHOUTI AZOUZ\Downloa
ds\akram.sultana-web\
web-fundas\.next\serv
er\chunks\757.js:1:13
037)
    at t 
(C:\Users\AKRAM 
DAHOUTI AZOUZ\Downloa
ds\akram.sultana-web\
web-fundas\.next\serv
er\webpack-runtime.js
:1:127)
    at 6728 
(C:\Users\AKRAM 
DAHOUTI AZOUZ\Downloa
ds\akram.sultana-web\
web-fundas\.next\serv
er\chunks\757.js:1:14
03)
    at Object.t [as 
require] 
(C:\Users\AKRAM 
DAHOUTI AZOUZ\Downloa
ds\akram.sultana-web\
web-fundas\.next\serv
er\webpack-runtime.js
:1:127)
    at require 
(C:\Users\AKRAM 
DAHOUTI AZOUZ\Downloa
ds\akram.sultana-web\
web-fundas\node_modul
es\next\dist\compiled
\next-server\app-page
.runtime.prod.js:17:1
8811) {
  digest: '792840869'
}

Error occurred 
prerendering page 
"/carrito". Read 
more: https://nextjs.
org/docs/messages/pre
render-error

Error: supabaseUrl 
is required.
    at 
C:\Users\AKRAM 
DAHOUTI AZOUZ\Downloa
ds\akram.sultana-web\
web-fundas\.next\serv
er\chunks\500.js:38:4
7569
    at new rE 
(C:\Users\AKRAM 
DAHOUTI AZOUZ\Downloa
ds\akram.sultana-web\
web-fundas\.next\serv
er\chunks\500.js:38:4
7820)
    at rS 
(C:\Users\AKRAM 
DAHOUTI AZOUZ\Downloa
ds\akram.sultana-web\
web-fundas\.next\serv
er\chunks\500.js:38:5
1503)
    at 5472 
(C:\Users\AKRAM 
DAHOUTI AZOUZ\Downloa
ds\akram.sultana-web\
web-fundas\.next\serv
er\chunks\757.js:1:14
233)
    at t 
(C:\Users\AKRAM 
DAHOUTI AZOUZ\Downloa
ds\akram.sultana-web\
web-fundas\.next\serv
er\webpack-runtime.js
:1:127)
    at 5035 
(C:\Users\AKRAM 
DAHOUTI AZOUZ\Downloa
ds\akram.sultana-web\
web-fundas\.next\serv
er\chunks\757.js:1:13
037)
    at t 
(C:\Users\AKRAM 
DAHOUTI AZOUZ\Downloa
ds\akram.sultana-web\
web-fundas\.next\serv
er\webpack-runtime.js
:1:127)
    at 6728 
(C:\Users\AKRAM 
DAHOUTI AZOUZ\Downloa
ds\akram.sultana-web\
web-fundas\.next\serv
er\chunks\757.js:1:14
03)
    at Object.t [as 
require] 
(C:\Users\AKRAM 
DAHOUTI AZOUZ\Downloa
ds\akram.sultana-web\
web-fundas\.next\serv
er\webpack-runtime.js
:1:127)
    at require 
(C:\Users\AKRAM 
DAHOUTI AZOUZ\Downloa
ds\akram.sultana-web\
web-fundas\node_modul
es\next\dist\compiled
\next-server\app-page
.runtime.prod.js:17:1
8811)
Error: supabaseUrl 
is required.
    at 
C:\Users\AKRAM 
DAHOUTI AZOUZ\Downloa
ds\akram.sultana-web\
web-fundas\.next\serv
er\chunks\500.js:38:4
7569
    at new rE 
(C:\Users\AKRAM 
DAHOUTI AZOUZ\Downloa
ds\akram.sultana-web\
web-fundas\.next\serv
er\chunks\500.js:38:4
7820)
    at rS 
(C:\Users\AKRAM 
DAHOUTI AZOUZ\Downloa
ds\akram.sultana-web\
web-fundas\.next\serv
er\chunks\500.js:38:5
1503)
    at 5472 
(C:\Users\AKRAM 
DAHOUTI AZOUZ\Downloa
ds\akram.sultana-web\
web-fundas\.next\serv
er\chunks\757.js:1:14
233)
    at t 
(C:\Users\AKRAM 
DAHOUTI AZOUZ\Downloa
ds\akram.sultana-web\
web-fundas\.next\serv
er\webpack-runtime.js
:1:127)
    at 5035 
(C:\Users\AKRAM 
DAHOUTI AZOUZ\Downloa
ds\akram.sultana-web\
web-fundas\.next\serv
er\chunks\757.js:1:13
037)
    at t 
(C:\Users\AKRAM 
DAHOUTI AZOUZ\Downloa
ds\akram.sultana-web\
web-fundas\.next\serv
er\webpack-runtime.js
:1:127)
    at 6728 
(C:\Users\AKRAM 
DAHOUTI AZOUZ\Downloa
ds\akram.sultana-web\
web-fundas\.next\serv
er\chunks\757.js:1:14
03)
    at Object.t [as 
require] 
(C:\Users\AKRAM 
DAHOUTI AZOUZ\Downloa
ds\akram.sultana-web\
web-fundas\.next\serv
er\webpack-runtime.js
:1:127)
    at require 
(C:\Users\AKRAM 
DAHOUTI AZOUZ\Downloa
ds\akram.sultana-web\
web-fundas\node_modul
es\next\dist\compiled
\next-server\app-page
.runtime.prod.js:17:1
8811) {
  digest: '792840869'
}

Error occurred 
prerendering page 
"/_not-found". Read 
more: https://nextjs.
org/docs/messages/pre
render-error

Error: supabaseUrl 
is required.
    at 
C:\Users\AKRAM 
DAHOUTI AZOUZ\Downloa
ds\akram.sultana-web\
web-fundas\.next\serv
er\chunks\500.js:38:4
7569
    at new rE 
(C:\Users\AKRAM 
DAHOUTI AZOUZ\Downloa
ds\akram.sultana-web\
web-fundas\.next\serv
er\chunks\500.js:38:4
7820)
    at rS 
(C:\Users\AKRAM 
DAHOUTI AZOUZ\Downloa
ds\akram.sultana-web\
web-fundas\.next\serv
er\chunks\500.js:38:5
1503)
    at 5472 
(C:\Users\AKRAM 
DAHOUTI AZOUZ\Downloa
ds\akram.sultana-web\
web-fundas\.next\serv
er\chunks\757.js:1:14
233)
    at t 
(C:\Users\AKRAM 
DAHOUTI AZOUZ\Downloa
ds\akram.sultana-web\
web-fundas\.next\serv
er\webpack-runtime.js
:1:127)
    at 5035 
(C:\Users\AKRAM 
DAHOUTI AZOUZ\Downloa
ds\akram.sultana-web\
web-fundas\.next\serv
er\chunks\757.js:1:13
037)
    at t 
(C:\Users\AKRAM 
DAHOUTI AZOUZ\Downloa
ds\akram.sultana-web\
web-fundas\.next\serv
er\webpack-runtime.js
:1:127)
    at 6728 
(C:\Users\AKRAM 
DAHOUTI AZOUZ\Downloa
ds\akram.sultana-web\
web-fundas\.next\serv
er\chunks\757.js:1:14
03)
    at Object.t [as 
require] 
(C:\Users\AKRAM 
DAHOUTI AZOUZ\Downloa
ds\akram.sultana-web\
web-fundas\.next\serv
er\webpack-runtime.js
:1:127)
    at require 
(C:\Users\AKRAM 
DAHOUTI AZOUZ\Downloa
ds\akram.sultana-web\
web-fundas\node_modul
es\next\dist\compiled
\next-server\app-page
.runtime.prod.js:17:1
8811)
   Generating static pages (6/24) 
Error: supabaseUrl 
is required.
    at 
C:\Users\AKRAM 
DAHOUTI AZOUZ\Downloa
ds\akram.sultana-web\
web-fundas\.next\serv
er\chunks\500.js:38:4
7569
    at new rE 
(C:\Users\AKRAM 
DAHOUTI AZOUZ\Downloa
ds\akram.sultana-web\
web-fundas\.next\serv
er\chunks\500.js:38:4
7820)
    at rS 
(C:\Users\AKRAM 
DAHOUTI AZOUZ\Downloa
ds\akram.sultana-web\
web-fundas\.next\serv
er\chunks\500.js:38:5
1503)
    at 5472 
(C:\Users\AKRAM 
DAHOUTI AZOUZ\Downloa
ds\akram.sultana-web\
web-fundas\.next\serv
er\chunks\757.js:1:14
233)
    at t 
(C:\Users\AKRAM 
DAHOUTI AZOUZ\Downloa
ds\akram.sultana-web\
web-fundas\.next\serv
er\webpack-runtime.js
:1:127)
    at 5035 
(C:\Users\AKRAM 
DAHOUTI AZOUZ\Downloa
ds\akram.sultana-web\
web-fundas\.next\serv
er\chunks\757.js:1:13
037)
    at t 
(C:\Users\AKRAM 
DAHOUTI AZOUZ\Downloa
ds\akram.sultana-web\
web-fundas\.next\serv
er\webpack-runtime.js
:1:127)
    at 6728 
(C:\Users\AKRAM 
DAHOUTI AZOUZ\Downloa
ds\akram.sultana-web\
web-fundas\.next\serv
er\chunks\757.js:1:14
03)
    at Object.t [as 
require] 
(C:\Users\AKRAM 
DAHOUTI AZOUZ\Downloa
ds\akram.sultana-web\
web-fundas\.next\serv
er\webpack-runtime.js
:1:127)
    at require 
(C:\Users\AKRAM 
DAHOUTI AZOUZ\Downloa
ds\akram.sultana-web\
web-fundas\node_modul
es\next\dist\compiled
\next-server\app-page
.runtime.prod.js:17:1
8811) {
  digest: '792840869'
}

Error occurred 
prerendering page 
"/checkout". Read 
more: https://nextjs.
org/docs/messages/pre
render-error

Error: supabaseUrl 
is required.
    at 
C:\Users\AKRAM 
DAHOUTI AZOUZ\Downloa
ds\akram.sultana-web\
web-fundas\.next\serv
er\chunks\500.js:38:4
7569
    at new rE 
(C:\Users\AKRAM 
DAHOUTI AZOUZ\Downloa
ds\akram.sultana-web\
web-fundas\.next\serv
er\chunks\500.js:38:4
7820)
    at rS 
(C:\Users\AKRAM 
DAHOUTI AZOUZ\Downloa
ds\akram.sultana-web\
web-fundas\.next\serv
er\chunks\500.js:38:5
1503)
    at 5472 
(C:\Users\AKRAM 
DAHOUTI AZOUZ\Downloa
ds\akram.sultana-web\
web-fundas\.next\serv
er\chunks\757.js:1:14
233)
    at t 
(C:\Users\AKRAM 
DAHOUTI AZOUZ\Downloa
ds\akram.sultana-web\
web-fundas\.next\serv
er\webpack-runtime.js
:1:127)
    at 5035 
(C:\Users\AKRAM 
DAHOUTI AZOUZ\Downloa
ds\akram.sultana-web\
web-fundas\.next\serv
er\chunks\757.js:1:13
037)
    at t 
(C:\Users\AKRAM 
DAHOUTI AZOUZ\Downloa
ds\akram.sultana-web\
web-fundas\.next\serv
er\webpack-runtime.js
:1:127)
    at 6728 
(C:\Users\AKRAM 
DAHOUTI AZOUZ\Downloa
ds\akram.sultana-web\
web-fundas\.next\serv
er\chunks\757.js:1:14
03)
    at Object.t [as 
require] 
(C:\Users\AKRAM 
DAHOUTI AZOUZ\Downloa
ds\akram.sultana-web\
web-fundas\.next\serv
er\webpack-runtime.js
:1:127)
    at require 
(C:\Users\AKRAM 
DAHOUTI AZOUZ\Downloa
ds\akram.sultana-web\
web-fundas\node_modul
es\next\dist\compiled
\next-server\app-page
.runtime.prod.js:17:1
8811)
Error: supabaseUrl 
is required.
    at 
C:\Users\AKRAM 
DAHOUTI AZOUZ\Downloa
ds\akram.sultana-web\
web-fundas\.next\serv
er\chunks\500.js:38:4
7569
    at new rE 
(C:\Users\AKRAM 
DAHOUTI AZOUZ\Downloa
ds\akram.sultana-web\
web-fundas\.next\serv
er\chunks\500.js:38:4
7820)
    at rS 
(C:\Users\AKRAM 
DAHOUTI AZOUZ\Downloa
ds\akram.sultana-web\
web-fundas\.next\serv
er\chunks\500.js:38:5
1503)
    at 5472 
(C:\Users\AKRAM 
DAHOUTI AZOUZ\Downloa
ds\akram.sultana-web\
web-fundas\.next\serv
er\chunks\757.js:1:14
233)
    at t 
(C:\Users\AKRAM 
DAHOUTI AZOUZ\Downloa
ds\akram.sultana-web\
web-fundas\.next\serv
er\webpack-runtime.js
:1:127)
    at 5035 
(C:\Users\AKRAM 
DAHOUTI AZOUZ\Downloa
ds\akram.sultana-web\
web-fundas\.next\serv
er\chunks\757.js:1:13
037)
    at t 
(C:\Users\AKRAM 
DAHOUTI AZOUZ\Downloa
ds\akram.sultana-web\
web-fundas\.next\serv
er\webpack-runtime.js
:1:127)
    at 6728 
(C:\Users\AKRAM 
DAHOUTI AZOUZ\Downloa
ds\akram.sultana-web\
web-fundas\.next\serv
er\chunks\757.js:1:14
03)
    at Object.t [as 
require] 
(C:\Users\AKRAM 
DAHOUTI AZOUZ\Downloa
ds\akram.sultana-web\
web-fundas\.next\serv
er\webpack-runtime.js
:1:127)
    at require 
(C:\Users\AKRAM 
DAHOUTI AZOUZ\Downloa
ds\akram.sultana-web\
web-fundas\node_modul
es\next\dist\compiled
\next-server\app-page
.runtime.prod.js:17:1
8811) {
  digest: '792840869'
}

Error occurred 
prerendering page 
"/collections". Read 
more: https://nextjs.
org/docs/messages/pre
render-error

Error: supabaseUrl 
is required.
    at 
C:\Users\AKRAM 
DAHOUTI AZOUZ\Downloa
ds\akram.sultana-web\
web-fundas\.next\serv
er\chunks\500.js:38:4
7569
    at new rE 
(C:\Users\AKRAM 
DAHOUTI AZOUZ\Downloa
ds\akram.sultana-web\
web-fundas\.next\serv
er\chunks\500.js:38:4
7820)
    at rS 
(C:\Users\AKRAM 
DAHOUTI AZOUZ\Downloa
ds\akram.sultana-web\
web-fundas\.next\serv
er\chunks\500.js:38:5
1503)
    at 5472 
(C:\Users\AKRAM 
DAHOUTI AZOUZ\Downloa
ds\akram.sultana-web\
web-fundas\.next\serv
er\chunks\757.js:1:14
233)
    at t 
(C:\Users\AKRAM 
DAHOUTI AZOUZ\Downloa
ds\akram.sultana-web\
web-fundas\.next\serv
er\webpack-runtime.js
:1:127)
    at 5035 
(C:\Users\AKRAM 
DAHOUTI AZOUZ\Downloa
ds\akram.sultana-web\
web-fundas\.next\serv
er\chunks\757.js:1:13
037)
    at t 
(C:\Users\AKRAM 
DAHOUTI AZOUZ\Downloa
ds\akram.sultana-web\
web-fundas\.next\serv
er\webpack-runtime.js
:1:127)
    at 6728 
(C:\Users\AKRAM 
DAHOUTI AZOUZ\Downloa
ds\akram.sultana-web\
web-fundas\.next\serv
er\chunks\757.js:1:14
03)
    at Object.t [as 
require] 
(C:\Users\AKRAM 
DAHOUTI AZOUZ\Downloa
ds\akram.sultana-web\
web-fundas\.next\serv
er\webpack-runtime.js
:1:127)
    at require 
(C:\Users\AKRAM 
DAHOUTI AZOUZ\Downloa
ds\akram.sultana-web\
web-fundas\node_modul
es\next\dist\compiled
\next-server\app-page
.runtime.prod.js:17:1
8811)
Error: supabaseUrl 
is required.
    at 
C:\Users\AKRAM 
DAHOUTI AZOUZ\Downloa
ds\akram.sultana-web\
web-fundas\.next\serv
er\chunks\500.js:38:4
7569
    at new rE 
(C:\Users\AKRAM 
DAHOUTI AZOUZ\Downloa
ds\akram.sultana-web\
web-fundas\.next\serv
er\chunks\500.js:38:4
7820)
    at rS 
(C:\Users\AKRAM 
DAHOUTI AZOUZ\Downloa
ds\akram.sultana-web\
web-fundas\.next\serv
er\chunks\500.js:38:5
1503)
    at 5472 
(C:\Users\AKRAM 
DAHOUTI AZOUZ\Downloa
ds\akram.sultana-web\
web-fundas\.next\serv
er\chunks\757.js:1:14
233)
    at t 
(C:\Users\AKRAM 
DAHOUTI AZOUZ\Downloa
ds\akram.sultana-web\
web-fundas\.next\serv
er\webpack-runtime.js
:1:127)
    at 9718 
(C:\Users\AKRAM 
DAHOUTI AZOUZ\Downloa
ds\akram.sultana-web\
web-fundas\.next\serv
er\app\admin\login\pa
ge.js:1:2211)
    at Object.t [as 
require] 
(C:\Users\AKRAM 
DAHOUTI AZOUZ\Downloa
ds\akram.sultana-web\
web-fundas\.next\serv
er\webpack-runtime.js
:1:127)
    at require 
(C:\Users\AKRAM 
DAHOUTI AZOUZ\Downloa
ds\akram.sultana-web\
web-fundas\node_modul
es\next\dist\compiled
\next-server\app-page
.runtime.prod.js:17:1
8811)
    at s 
(C:\Users\AKRAM 
DAHOUTI AZOUZ\Downloa
ds\akram.sultana-web\
web-fundas\node_modul
es\next\dist\compiled
\next-server\app-page
.runtime.prod.js:12:8
8330)
    at 
C:\Users\AKRAM 
DAHOUTI AZOUZ\Downloa
ds\akram.sultana-web\
web-fundas\node_modul
es\next\dist\compiled
\next-server\app-page
.runtime.prod.js:12:9
8875 {
  digest: 
'2680964281'
}

Error occurred 
prerendering page 
"/admin/login". Read 
more: https://nextjs.
org/docs/messages/pre
render-error

Error: supabaseUrl 
is required.
    at 
C:\Users\AKRAM 
DAHOUTI AZOUZ\Downloa
ds\akram.sultana-web\
web-fundas\.next\serv
er\chunks\500.js:38:4
7569
    at new rE 
(C:\Users\AKRAM 
DAHOUTI AZOUZ\Downloa
ds\akram.sultana-web\
web-fundas\.next\serv
er\chunks\500.js:38:4
7820)
    at rS 
(C:\Users\AKRAM 
DAHOUTI AZOUZ\Downloa
ds\akram.sultana-web\
web-fundas\.next\serv
er\chunks\500.js:38:5
1503)
    at 5472 
(C:\Users\AKRAM 
DAHOUTI AZOUZ\Downloa
ds\akram.sultana-web\
web-fundas\.next\serv
er\chunks\757.js:1:14
233)
    at t 
(C:\Users\AKRAM 
DAHOUTI AZOUZ\Downloa
ds\akram.sultana-web\
web-fundas\.next\serv
er\webpack-runtime.js
:1:127)
    at 9718 
(C:\Users\AKRAM 
DAHOUTI AZOUZ\Downloa
ds\akram.sultana-web\
web-fundas\.next\serv
er\app\admin\login\pa
ge.js:1:2211)
    at Object.t [as 
require] 
(C:\Users\AKRAM 
DAHOUTI AZOUZ\Downloa
ds\akram.sultana-web\
web-fundas\.next\serv
er\webpack-runtime.js
:1:127)
    at require 
(C:\Users\AKRAM 
DAHOUTI AZOUZ\Downloa
ds\akram.sultana-web\
web-fundas\node_modul
es\next\dist\compiled
\next-server\app-page
.runtime.prod.js:17:1
8811)
    at s 
(C:\Users\AKRAM 
DAHOUTI AZOUZ\Downloa
ds\akram.sultana-web\
web-fundas\node_modul
es\next\dist\compiled
\next-server\app-page
.runtime.prod.js:12:8
8330)
    at 
C:\Users\AKRAM 
DAHOUTI AZOUZ\Downloa
ds\akram.sultana-web\
web-fundas\node_modul
es\next\dist\compiled
\next-server\app-page
.runtime.prod.js:12:9
8875
Error: supabaseUrl 
is required.
    at 
C:\Users\AKRAM 
DAHOUTI AZOUZ\Downloa
ds\akram.sultana-web\
web-fundas\.next\serv
er\chunks\500.js:38:4
7569
    at new rE 
(C:\Users\AKRAM 
DAHOUTI AZOUZ\Downloa
ds\akram.sultana-web\
web-fundas\.next\serv
er\chunks\500.js:38:4
7820)
    at rS 
(C:\Users\AKRAM 
DAHOUTI AZOUZ\Downloa
ds\akram.sultana-web\
web-fundas\.next\serv
er\chunks\500.js:38:5
1503)
    at 5472 
(C:\Users\AKRAM 
DAHOUTI AZOUZ\Downloa
ds\akram.sultana-web\
web-fundas\.next\serv
er\chunks\757.js:1:14
233)
    at t 
(C:\Users\AKRAM 
DAHOUTI AZOUZ\Downloa
ds\akram.sultana-web\
web-fundas\.next\serv
er\webpack-runtime.js
:1:127)
    at 5035 
(C:\Users\AKRAM 
DAHOUTI AZOUZ\Downloa
ds\akram.sultana-web\
web-fundas\.next\serv
er\chunks\757.js:1:13
037)
    at t 
(C:\Users\AKRAM 
DAHOUTI AZOUZ\Downloa
ds\akram.sultana-web\
web-fundas\.next\serv
er\webpack-runtime.js
:1:127)
    at 6728 
(C:\Users\AKRAM 
DAHOUTI AZOUZ\Downloa
ds\akram.sultana-web\
web-fundas\.next\serv
er\chunks\757.js:1:14
03)
    at Object.t [as 
require] 
(C:\Users\AKRAM 
DAHOUTI AZOUZ\Downloa
ds\akram.sultana-web\
web-fundas\.next\serv
er\webpack-runtime.js
:1:127)
    at require 
(C:\Users\AKRAM 
DAHOUTI AZOUZ\Downloa
ds\akram.sultana-web\
web-fundas\node_modul
es\next\dist\compiled
\next-server\app-page
.runtime.prod.js:17:1
8811) {
  digest: '792840869'
}

Error occurred 
prerendering page 
"/contacto". Read 
more: https://nextjs.
org/docs/messages/pre
render-error

Error: supabaseUrl 
is required.
    at 
C:\Users\AKRAM 
DAHOUTI AZOUZ\Downloa
ds\akram.sultana-web\
web-fundas\.next\serv
er\chunks\500.js:38:4
7569
    at new rE 
(C:\Users\AKRAM 
DAHOUTI AZOUZ\Downloa
ds\akram.sultana-web\
web-fundas\.next\serv
er\chunks\500.js:38:4
7820)
    at rS 
(C:\Users\AKRAM 
DAHOUTI AZOUZ\Downloa
ds\akram.sultana-web\
web-fundas\.next\serv
er\chunks\500.js:38:5
1503)
    at 5472 
(C:\Users\AKRAM 
DAHOUTI AZOUZ\Downloa
ds\akram.sultana-web\
web-fundas\.next\serv
er\chunks\757.js:1:14
233)
    at t 
(C:\Users\AKRAM 
DAHOUTI AZOUZ\Downloa
ds\akram.sultana-web\
web-fundas\.next\serv
er\webpack-runtime.js
:1:127)
    at 5035 
(C:\Users\AKRAM 
DAHOUTI AZOUZ\Downloa
ds\akram.sultana-web\
web-fundas\.next\serv
er\chunks\757.js:1:13
037)
    at t 
(C:\Users\AKRAM 
DAHOUTI AZOUZ\Downloa
ds\akram.sultana-web\
web-fundas\.next\serv
er\webpack-runtime.js
:1:127)
    at 6728 
(C:\Users\AKRAM 
DAHOUTI AZOUZ\Downloa
ds\akram.sultana-web\
web-fundas\.next\serv
er\chunks\757.js:1:14
03)
    at Object.t [as 
require] 
(C:\Users\AKRAM 
DAHOUTI AZOUZ\Downloa
ds\akram.sultana-web\
web-fundas\.next\serv
er\webpack-runtime.js
:1:127)
    at require 
(C:\Users\AKRAM 
DAHOUTI AZOUZ\Downloa
ds\akram.sultana-web\
web-fundas\node_modul
es\next\dist\compiled
\next-server\app-page
.runtime.prod.js:17:1
8811)
Error: supabaseUrl 
is required.
    at 
C:\Users\AKRAM 
DAHOUTI AZOUZ\Downloa
ds\akram.sultana-web\
web-fundas\.next\serv
er\chunks\500.js:38:4
7569
    at new rE 
(C:\Users\AKRAM 
DAHOUTI AZOUZ\Downloa
ds\akram.sultana-web\
web-fundas\.next\serv
er\chunks\500.js:38:4
7820)
    at rS 
(C:\Users\AKRAM 
DAHOUTI AZOUZ\Downloa
ds\akram.sultana-web\
web-fundas\.next\serv
er\chunks\500.js:38:5
1503)
    at 5472 
(C:\Users\AKRAM 
DAHOUTI AZOUZ\Downloa
ds\akram.sultana-web\
web-fundas\.next\serv
er\chunks\757.js:1:14
233)
    at t 
(C:\Users\AKRAM 
DAHOUTI AZOUZ\Downloa
ds\akram.sultana-web\
web-fundas\.next\serv
er\webpack-runtime.js
:1:127)
    at 5035 
(C:\Users\AKRAM 
DAHOUTI AZOUZ\Downloa
ds\akram.sultana-web\
web-fundas\.next\serv
er\chunks\757.js:1:13
037)
    at t 
(C:\Users\AKRAM 
DAHOUTI AZOUZ\Downloa
ds\akram.sultana-web\
web-fundas\.next\serv
er\webpack-runtime.js
:1:127)
    at 6728 
(C:\Users\AKRAM 
DAHOUTI AZOUZ\Downloa
ds\akram.sultana-web\
web-fundas\.next\serv
er\chunks\757.js:1:14
03)
    at Object.t [as 
require] 
(C:\Users\AKRAM 
DAHOUTI AZOUZ\Downloa
ds\akram.sultana-web\
web-fundas\.next\serv
er\webpack-runtime.js
:1:127)
    at require 
(C:\Users\AKRAM 
DAHOUTI AZOUZ\Downloa
ds\akram.sultana-web\
web-fundas\node_modul
es\next\dist\compiled
\next-server\app-page
.runtime.prod.js:17:1
8811) {
  digest: '792840869'
}

Error occurred 
prerendering page 
"/envios". Read 
more: https://nextjs.
org/docs/messages/pre
render-error

Error: supabaseUrl 
is required.
    at 
C:\Users\AKRAM 
DAHOUTI AZOUZ\Downloa
ds\akram.sultana-web\
web-fundas\.next\serv
er\chunks\500.js:38:4
7569
    at new rE 
(C:\Users\AKRAM 
DAHOUTI AZOUZ\Downloa
ds\akram.sultana-web\
web-fundas\.next\serv
er\chunks\500.js:38:4
7820)
    at rS 
(C:\Users\AKRAM 
DAHOUTI AZOUZ\Downloa
ds\akram.sultana-web\
web-fundas\.next\serv
er\chunks\500.js:38:5
1503)
    at 5472 
(C:\Users\AKRAM 
DAHOUTI AZOUZ\Downloa
ds\akram.sultana-web\
web-fundas\.next\serv
er\chunks\757.js:1:14
233)
    at t 
(C:\Users\AKRAM 
DAHOUTI AZOUZ\Downloa
ds\akram.sultana-web\
web-fundas\.next\serv
er\webpack-runtime.js
:1:127)
    at 5035 
(C:\Users\AKRAM 
DAHOUTI AZOUZ\Downloa
ds\akram.sultana-web\
web-fundas\.next\serv
er\chunks\757.js:1:13
037)
    at t 
(C:\Users\AKRAM 
DAHOUTI AZOUZ\Downloa
ds\akram.sultana-web\
web-fundas\.next\serv
er\webpack-runtime.js
:1:127)
    at 6728 
(C:\Users\AKRAM 
DAHOUTI AZOUZ\Downloa
ds\akram.sultana-web\
web-fundas\.next\serv
er\chunks\757.js:1:14
03)
    at Object.t [as 
require] 
(C:\Users\AKRAM 
DAHOUTI AZOUZ\Downloa
ds\akram.sultana-web\
web-fundas\.next\serv
er\webpack-runtime.js
:1:127)
    at require 
(C:\Users\AKRAM 
DAHOUTI AZOUZ\Downloa
ds\akram.sultana-web\
web-fundas\node_modul
es\next\dist\compiled
\next-server\app-page
.runtime.prod.js:17:1
8811)
   Generating static pages (12/24) 
Error: supabaseUrl 
is required.
    at 
C:\Users\AKRAM 
DAHOUTI AZOUZ\Downloa
ds\akram.sultana-web\
web-fundas\.next\serv
er\chunks\500.js:38:4
7569
    at new rE 
(C:\Users\AKRAM 
DAHOUTI AZOUZ\Downloa
ds\akram.sultana-web\
web-fundas\.next\serv
er\chunks\500.js:38:4
7820)
    at rS 
(C:\Users\AKRAM 
DAHOUTI AZOUZ\Downloa
ds\akram.sultana-web\
web-fundas\.next\serv
er\chunks\500.js:38:5
1503)
    at 5472 
(C:\Users\AKRAM 
DAHOUTI AZOUZ\Downloa
ds\akram.sultana-web\
web-fundas\.next\serv
er\chunks\757.js:1:14
233)
    at t 
(C:\Users\AKRAM 
DAHOUTI AZOUZ\Downloa
ds\akram.sultana-web\
web-fundas\.next\serv
er\webpack-runtime.js
:1:127)
    at 5035 
(C:\Users\AKRAM 
DAHOUTI AZOUZ\Downloa
ds\akram.sultana-web\
web-fundas\.next\serv
er\chunks\757.js:1:13
037)
    at t 
(C:\Users\AKRAM 
DAHOUTI AZOUZ\Downloa
ds\akram.sultana-web\
web-fundas\.next\serv
er\webpack-runtime.js
:1:127)
    at 6728 
(C:\Users\AKRAM 
DAHOUTI AZOUZ\Downloa
ds\akram.sultana-web\
web-fundas\.next\serv
er\chunks\757.js:1:14
03)
    at Object.t [as 
require] 
(C:\Users\AKRAM 
DAHOUTI AZOUZ\Downloa
ds\akram.sultana-web\
web-fundas\.next\serv
er\webpack-runtime.js
:1:127)
    at require 
(C:\Users\AKRAM 
DAHOUTI AZOUZ\Downloa
ds\akram.sultana-web\
web-fundas\node_modul
es\next\dist\compiled
\next-server\app-page
.runtime.prod.js:17:1
8811) {
  digest: '792840869'
}

Error occurred 
prerendering page 
"/privacidad". Read 
more: https://nextjs.
org/docs/messages/pre
render-error

Error: supabaseUrl 
is required.
    at 
C:\Users\AKRAM 
DAHOUTI AZOUZ\Downloa
ds\akram.sultana-web\
web-fundas\.next\serv
er\chunks\500.js:38:4
7569
    at new rE 
(C:\Users\AKRAM 
DAHOUTI AZOUZ\Downloa
ds\akram.sultana-web\
web-fundas\.next\serv
er\chunks\500.js:38:4
7820)
    at rS 
(C:\Users\AKRAM 
DAHOUTI AZOUZ\Downloa
ds\akram.sultana-web\
web-fundas\.next\serv
er\chunks\500.js:38:5
1503)
    at 5472 
(C:\Users\AKRAM 
DAHOUTI AZOUZ\Downloa
ds\akram.sultana-web\
web-fundas\.next\serv
er\chunks\757.js:1:14
233)
    at t 
(C:\Users\AKRAM 
DAHOUTI AZOUZ\Downloa
ds\akram.sultana-web\
web-fundas\.next\serv
er\webpack-runtime.js
:1:127)
    at 5035 
(C:\Users\AKRAM 
DAHOUTI AZOUZ\Downloa
ds\akram.sultana-web\
web-fundas\.next\serv
er\chunks\757.js:1:13
037)
    at t 
(C:\Users\AKRAM 
DAHOUTI AZOUZ\Downloa
ds\akram.sultana-web\
web-fundas\.next\serv
er\webpack-runtime.js
:1:127)
    at 6728 
(C:\Users\AKRAM 
DAHOUTI AZOUZ\Downloa
ds\akram.sultana-web\
web-fundas\.next\serv
er\chunks\757.js:1:14
03)
    at Object.t [as 
require] 
(C:\Users\AKRAM 
DAHOUTI AZOUZ\Downloa
ds\akram.sultana-web\
web-fundas\.next\serv
er\webpack-runtime.js
:1:127)
    at require 
(C:\Users\AKRAM 
DAHOUTI AZOUZ\Downloa
ds\akram.sultana-web\
web-fundas\node_modul
es\next\dist\compiled
\next-server\app-page
.runtime.prod.js:17:1
8811)
Error: supabaseUrl 
is required.
    at 
C:\Users\AKRAM 
DAHOUTI AZOUZ\Downloa
ds\akram.sultana-web\
web-fundas\.next\serv
er\chunks\500.js:38:4
7569
    at new rE 
(C:\Users\AKRAM 
DAHOUTI AZOUZ\Downloa
ds\akram.sultana-web\
web-fundas\.next\serv
er\chunks\500.js:38:4
7820)
    at rS 
(C:\Users\AKRAM 
DAHOUTI AZOUZ\Downloa
ds\akram.sultana-web\
web-fundas\.next\serv
er\chunks\500.js:38:5
1503)
    at 5472 
(C:\Users\AKRAM 
DAHOUTI AZOUZ\Downloa
ds\akram.sultana-web\
web-fundas\.next\serv
er\chunks\757.js:1:14
233)
    at t 
(C:\Users\AKRAM 
DAHOUTI AZOUZ\Downloa
ds\akram.sultana-web\
web-fundas\.next\serv
er\webpack-runtime.js
:1:127)
    at 5035 
(C:\Users\AKRAM 
DAHOUTI AZOUZ\Downloa
ds\akram.sultana-web\
web-fundas\.next\serv
er\chunks\757.js:1:13
037)
    at t 
(C:\Users\AKRAM 
DAHOUTI AZOUZ\Downloa
ds\akram.sultana-web\
web-fundas\.next\serv
er\webpack-runtime.js
:1:127)
    at 6728 
(C:\Users\AKRAM 
DAHOUTI AZOUZ\Downloa
ds\akram.sultana-web\
web-fundas\.next\serv
er\chunks\757.js:1:14
03)
    at Object.t [as 
require] 
(C:\Users\AKRAM 
DAHOUTI AZOUZ\Downloa
ds\akram.sultana-web\
web-fundas\.next\serv
er\webpack-runtime.js
:1:127)
    at require 
(C:\Users\AKRAM 
DAHOUTI AZOUZ\Downloa
ds\akram.sultana-web\
web-fundas\node_modul
es\next\dist\compiled
\next-server\app-page
.runtime.prod.js:17:1
8811) {
  digest: '792840869'
}
Error: supabaseUrl 
is required.
    at 
C:\Users\AKRAM 
DAHOUTI AZOUZ\Downloa
ds\akram.sultana-web\
web-fundas\.next\serv
er\chunks\500.js:38:4
7569
    at new rE 
(C:\Users\AKRAM 
DAHOUTI AZOUZ\Downloa
ds\akram.sultana-web\
web-fundas\.next\serv
er\chunks\500.js:38:4
7820)
    at rS 
(C:\Users\AKRAM 
DAHOUTI AZOUZ\Downloa
ds\akram.sultana-web\
web-fundas\.next\serv
er\chunks\500.js:38:5
1503)
    at 5472 
(C:\Users\AKRAM 
DAHOUTI AZOUZ\Downloa
ds\akram.sultana-web\
web-fundas\.next\serv
er\chunks\757.js:1:14
233)
    at t 
(C:\Users\AKRAM 
DAHOUTI AZOUZ\Downloa
ds\akram.sultana-web\
web-fundas\.next\serv
er\webpack-runtime.js
:1:127)
    at 5035 
(C:\Users\AKRAM 
DAHOUTI AZOUZ\Downloa
ds\akram.sultana-web\
web-fundas\.next\serv
er\chunks\757.js:1:13
037)
    at t 
(C:\Users\AKRAM 
DAHOUTI AZOUZ\Downloa
ds\akram.sultana-web\
web-fundas\.next\serv
er\webpack-runtime.js
:1:127)
    at 6728 
(C:\Users\AKRAM 
DAHOUTI AZOUZ\Downloa
ds\akram.sultana-web\
web-fundas\.next\serv
er\chunks\757.js:1:14
03)
    at Object.t [as 
require] 
(C:\Users\AKRAM 
DAHOUTI AZOUZ\Downloa
ds\akram.sultana-web\
web-fundas\.next\serv
er\webpack-runtime.js
:1:127)
    at require 
(C:\Users\AKRAM 
DAHOUTI AZOUZ\Downloa
ds\akram.sultana-web\
web-fundas\node_modul
es\next\dist\compiled
\next-server\app-page
.runtime.prod.js:17:1
8811) {
  digest: '792840869'
}

Error occurred 
prerendering page 
"/fundas". Read 
more: https://nextjs.
org/docs/messages/pre
render-error

Error: supabaseUrl 
is required.
    at 
C:\Users\AKRAM 
DAHOUTI AZOUZ\Downloa
ds\akram.sultana-web\
web-fundas\.next\serv
er\chunks\500.js:38:4
7569
    at new rE 
(C:\Users\AKRAM 
DAHOUTI AZOUZ\Downloa
ds\akram.sultana-web\
web-fundas\.next\serv
er\chunks\500.js:38:4
7820)
    at rS 
(C:\Users\AKRAM 
DAHOUTI AZOUZ\Downloa
ds\akram.sultana-web\
web-fundas\.next\serv
er\chunks\500.js:38:5
1503)
    at 5472 
(C:\Users\AKRAM 
DAHOUTI AZOUZ\Downloa
ds\akram.sultana-web\
web-fundas\.next\serv
er\chunks\757.js:1:14
233)
    at t 
(C:\Users\AKRAM 
DAHOUTI AZOUZ\Downloa
ds\akram.sultana-web\
web-fundas\.next\serv
er\webpack-runtime.js
:1:127)
    at 5035 
(C:\Users\AKRAM 
DAHOUTI AZOUZ\Downloa
ds\akram.sultana-web\
web-fundas\.next\serv
er\chunks\757.js:1:13
037)
    at t 
(C:\Users\AKRAM 
DAHOUTI AZOUZ\Downloa
ds\akram.sultana-web\
web-fundas\.next\serv
er\webpack-runtime.js
:1:127)
    at 6728 
(C:\Users\AKRAM 
DAHOUTI AZOUZ\Downloa
ds\akram.sultana-web\
web-fundas\.next\serv
er\chunks\757.js:1:14
03)
    at Object.t [as 
require] 
(C:\Users\AKRAM 
DAHOUTI AZOUZ\Downloa
ds\akram.sultana-web\
web-fundas\.next\serv
er\webpack-runtime.js
:1:127)
    at require 
(C:\Users\AKRAM 
DAHOUTI AZOUZ\Downloa
ds\akram.sultana-web\
web-fundas\node_modul
es\next\dist\compiled
\next-server\app-page
.runtime.prod.js:17:1
8811)
Error: supabaseUrl 
is required.
    at 
C:\Users\AKRAM 
DAHOUTI AZOUZ\Downloa
ds\akram.sultana-web\
web-fundas\.next\serv
er\chunks\500.js:38:4
7569
    at new rE 
(C:\Users\AKRAM 
DAHOUTI AZOUZ\Downloa
ds\akram.sultana-web\
web-fundas\.next\serv
er\chunks\500.js:38:4
7820)
    at rS 
(C:\Users\AKRAM 
DAHOUTI AZOUZ\Downloa
ds\akram.sultana-web\
web-fundas\.next\serv
er\chunks\500.js:38:5
1503)
    at 5472 
(C:\Users\AKRAM 
DAHOUTI AZOUZ\Downloa
ds\akram.sultana-web\
web-fundas\.next\serv
er\chunks\757.js:1:14
233)
    at t 
(C:\Users\AKRAM 
DAHOUTI AZOUZ\Downloa
ds\akram.sultana-web\
web-fundas\.next\serv
er\webpack-runtime.js
:1:127)
    at 5035 
(C:\Users\AKRAM 
DAHOUTI AZOUZ\Downloa
ds\akram.sultana-web\
web-fundas\.next\serv
er\chunks\757.js:1:13
037)
    at t 
(C:\Users\AKRAM 
DAHOUTI AZOUZ\Downloa
ds\akram.sultana-web\
web-fundas\.next\serv
er\webpack-runtime.js
:1:127)
    at 6728 
(C:\Users\AKRAM 
DAHOUTI AZOUZ\Downloa
ds\akram.sultana-web\
web-fundas\.next\serv
er\chunks\757.js:1:14
03)
    at Object.t [as 
require] 
(C:\Users\AKRAM 
DAHOUTI AZOUZ\Downloa
ds\akram.sultana-web\
web-fundas\.next\serv
er\webpack-runtime.js
:1:127)
    at require 
(C:\Users\AKRAM 
DAHOUTI AZOUZ\Downloa
ds\akram.sultana-web\
web-fundas\node_modul
es\next\dist\compiled
\next-server\app-page
.runtime.prod.js:17:1
8811) {
  digest: '792840869'
}

Error occurred 
prerendering page 
"/devoluciones". 
Read more: https://ne
xtjs.org/docs/message
s/prerender-error

Error: supabaseUrl 
is required.
    at 
C:\Users\AKRAM 
DAHOUTI AZOUZ\Downloa
ds\akram.sultana-web\
web-fundas\.next\serv
er\chunks\500.js:38:4
7569
    at new rE 
(C:\Users\AKRAM 
DAHOUTI AZOUZ\Downloa
ds\akram.sultana-web\
web-fundas\.next\serv
er\chunks\500.js:38:4
7820)
    at rS 
(C:\Users\AKRAM 
DAHOUTI AZOUZ\Downloa
ds\akram.sultana-web\
web-fundas\.next\serv
er\chunks\500.js:38:5
1503)
    at 5472 
(C:\Users\AKRAM 
DAHOUTI AZOUZ\Downloa
ds\akram.sultana-web\
web-fundas\.next\serv
er\chunks\757.js:1:14
233)
    at t 
(C:\Users\AKRAM 
DAHOUTI AZOUZ\Downloa
ds\akram.sultana-web\
web-fundas\.next\serv
er\webpack-runtime.js
:1:127)
    at 5035 
(C:\Users\AKRAM 
DAHOUTI AZOUZ\Downloa
ds\akram.sultana-web\
web-fundas\.next\serv
er\chunks\757.js:1:13
037)
    at t 
(C:\Users\AKRAM 
DAHOUTI AZOUZ\Downloa
ds\akram.sultana-web\
web-fundas\.next\serv
er\webpack-runtime.js
:1:127)
    at 6728 
(C:\Users\AKRAM 
DAHOUTI AZOUZ\Downloa
ds\akram.sultana-web\
web-fundas\.next\serv
er\chunks\757.js:1:14
03)
    at Object.t [as 
require] 
(C:\Users\AKRAM 
DAHOUTI AZOUZ\Downloa
ds\akram.sultana-web\
web-fundas\.next\serv
er\webpack-runtime.js
:1:127)
    at require 
(C:\Users\AKRAM 
DAHOUTI AZOUZ\Downloa
ds\akram.sultana-web\
web-fundas\node_modul
es\next\dist\compiled
\next-server\app-page
.runtime.prod.js:17:1
8811)
Error: supabaseUrl 
is required.
    at 
C:\Users\AKRAM 
DAHOUTI AZOUZ\Downloa
ds\akram.sultana-web\
web-fundas\.next\serv
er\chunks\500.js:38:4
7569
    at new rE 
(C:\Users\AKRAM 
DAHOUTI AZOUZ\Downloa
ds\akram.sultana-web\
web-fundas\.next\serv
er\chunks\500.js:38:4
7820)
    at rS 
(C:\Users\AKRAM 
DAHOUTI AZOUZ\Downloa
ds\akram.sultana-web\
web-fundas\.next\serv
er\chunks\500.js:38:5
1503)
    at 5472 
(C:\Users\AKRAM 
DAHOUTI AZOUZ\Downloa
ds\akram.sultana-web\
web-fundas\.next\serv
er\chunks\757.js:1:14
233)
    at t 
(C:\Users\AKRAM 
DAHOUTI AZOUZ\Downloa
ds\akram.sultana-web\
web-fundas\.next\serv
er\webpack-runtime.js
:1:127)
    at 5035 
(C:\Users\AKRAM 
DAHOUTI AZOUZ\Downloa
ds\akram.sultana-web\
web-fundas\.next\serv
er\chunks\757.js:1:13
037)
    at t 
(C:\Users\AKRAM 
DAHOUTI AZOUZ\Downloa
ds\akram.sultana-web\
web-fundas\.next\serv
er\webpack-runtime.js
:1:127)
    at 6939 
(C:\Users\AKRAM 
DAHOUTI AZOUZ\Downloa
ds\akram.sultana-web\
web-fundas\.next\serv
er\app\cuenta\page.js
:1:2130)
    at Object.t [as 
require] 
(C:\Users\AKRAM 
DAHOUTI AZOUZ\Downloa
ds\akram.sultana-web\
web-fundas\.next\serv
er\webpack-runtime.js
:1:127)
    at require 
(C:\Users\AKRAM 
DAHOUTI AZOUZ\Downloa
ds\akram.sultana-web\
web-fundas\node_modul
es\next\dist\compiled
\next-server\app-page
.runtime.prod.js:17:1
8811) {
  digest: 
'1288463094'
}

Error occurred 
prerendering page 
"/cuenta". Read 
more: https://nextjs.
org/docs/messages/pre
render-error

Error: supabaseUrl 
is required.
    at 
C:\Users\AKRAM 
DAHOUTI AZOUZ\Downloa
ds\akram.sultana-web\
web-fundas\.next\serv
er\chunks\500.js:38:4
7569
    at new rE 
(C:\Users\AKRAM 
DAHOUTI AZOUZ\Downloa
ds\akram.sultana-web\
web-fundas\.next\serv
er\chunks\500.js:38:4
7820)
    at rS 
(C:\Users\AKRAM 
DAHOUTI AZOUZ\Downloa
ds\akram.sultana-web\
web-fundas\.next\serv
er\chunks\500.js:38:5
1503)
    at 5472 
(C:\Users\AKRAM 
DAHOUTI AZOUZ\Downloa
ds\akram.sultana-web\
web-fundas\.next\serv
er\chunks\757.js:1:14
233)
    at t 
(C:\Users\AKRAM 
DAHOUTI AZOUZ\Downloa
ds\akram.sultana-web\
web-fundas\.next\serv
er\webpack-runtime.js
:1:127)
    at 5035 
(C:\Users\AKRAM 
DAHOUTI AZOUZ\Downloa
ds\akram.sultana-web\
web-fundas\.next\serv
er\chunks\757.js:1:13
037)
    at t 
(C:\Users\AKRAM 
DAHOUTI AZOUZ\Downloa
ds\akram.sultana-web\
web-fundas\.next\serv
er\webpack-runtime.js
:1:127)
    at 6939 
(C:\Users\AKRAM 
DAHOUTI AZOUZ\Downloa
ds\akram.sultana-web\
web-fundas\.next\serv
er\app\cuenta\page.js
:1:2130)
    at Object.t [as 
require] 
(C:\Users\AKRAM 
DAHOUTI AZOUZ\Downloa
ds\akram.sultana-web\
web-fundas\.next\serv
er\webpack-runtime.js
:1:127)
    at require 
(C:\Users\AKRAM 
DAHOUTI AZOUZ\Downloa
ds\akram.sultana-web\
web-fundas\node_modul
es\next\dist\compiled
\next-server\app-page
.runtime.prod.js:17:1
8811)

Error occurred 
prerendering page 
"/garantia". Read 
more: https://nextjs.
org/docs/messages/pre
render-error

Error: supabaseUrl 
is required.
    at 
C:\Users\AKRAM 
DAHOUTI AZOUZ\Downloa
ds\akram.sultana-web\
web-fundas\.next\serv
er\chunks\500.js:38:4
7569
    at new rE 
(C:\Users\AKRAM 
DAHOUTI AZOUZ\Downloa
ds\akram.sultana-web\
web-fundas\.next\serv
er\chunks\500.js:38:4
7820)
    at rS 
(C:\Users\AKRAM 
DAHOUTI AZOUZ\Downloa
ds\akram.sultana-web\
web-fundas\.next\serv
er\chunks\500.js:38:5
1503)
    at 5472 
(C:\Users\AKRAM 
DAHOUTI AZOUZ\Downloa
ds\akram.sultana-web\
web-fundas\.next\serv
er\chunks\757.js:1:14
233)
    at t 
(C:\Users\AKRAM 
DAHOUTI AZOUZ\Downloa
ds\akram.sultana-web\
web-fundas\.next\serv
er\webpack-runtime.js
:1:127)
    at 5035 
(C:\Users\AKRAM 
DAHOUTI AZOUZ\Downloa
ds\akram.sultana-web\
web-fundas\.next\serv
er\chunks\757.js:1:13
037)
    at t 
(C:\Users\AKRAM 
DAHOUTI AZOUZ\Downloa
ds\akram.sultana-web\
web-fundas\.next\serv
er\webpack-runtime.js
:1:127)
    at 6728 
(C:\Users\AKRAM 
DAHOUTI AZOUZ\Downloa
ds\akram.sultana-web\
web-fundas\.next\serv
er\chunks\757.js:1:14
03)
    at Object.t [as 
require] 
(C:\Users\AKRAM 
DAHOUTI AZOUZ\Downloa
ds\akram.sultana-web\
web-fundas\.next\serv
er\webpack-runtime.js
:1:127)
    at require 
(C:\Users\AKRAM 
DAHOUTI AZOUZ\Downloa
ds\akram.sultana-web\
web-fundas\node_modul
es\next\dist\compiled
\next-server\app-page
.runtime.prod.js:17:1
8811)
   Generating static pages (18/24) 
Error: supabaseUrl 
is required.
    at 
C:\Users\AKRAM 
DAHOUTI AZOUZ\Downloa
ds\akram.sultana-web\
web-fundas\.next\serv
er\chunks\500.js:38:4
7569
    at new rE 
(C:\Users\AKRAM 
DAHOUTI AZOUZ\Downloa
ds\akram.sultana-web\
web-fundas\.next\serv
er\chunks\500.js:38:4
7820)
    at rS 
(C:\Users\AKRAM 
DAHOUTI AZOUZ\Downloa
ds\akram.sultana-web\
web-fundas\.next\serv
er\chunks\500.js:38:5
1503)
    at 5472 
(C:\Users\AKRAM 
DAHOUTI AZOUZ\Downloa
ds\akram.sultana-web\
web-fundas\.next\serv
er\chunks\757.js:1:14
233)
    at t 
(C:\Users\AKRAM 
DAHOUTI AZOUZ\Downloa
ds\akram.sultana-web\
web-fundas\.next\serv
er\webpack-runtime.js
:1:127)
    at 5035 
(C:\Users\AKRAM 
DAHOUTI AZOUZ\Downloa
ds\akram.sultana-web\
web-fundas\.next\serv
er\chunks\757.js:1:13
037)
    at t 
(C:\Users\AKRAM 
DAHOUTI AZOUZ\Downloa
ds\akram.sultana-web\
web-fundas\.next\serv
er\webpack-runtime.js
:1:127)
    at 6728 
(C:\Users\AKRAM 
DAHOUTI AZOUZ\Downloa
ds\akram.sultana-web\
web-fundas\.next\serv
er\chunks\757.js:1:14
03)
    at Object.t [as 
require] 
(C:\Users\AKRAM 
DAHOUTI AZOUZ\Downloa
ds\akram.sultana-web\
web-fundas\.next\serv
er\webpack-runtime.js
:1:127)
    at require 
(C:\Users\AKRAM 
DAHOUTI AZOUZ\Downloa
ds\akram.sultana-web\
web-fundas\node_modul
es\next\dist\compiled
\next-server\app-page
.runtime.prod.js:17:1
8811) {
  digest: '792840869'
}

Error occurred 
prerendering page 
"/terminos". Read 
more: https://nextjs.
org/docs/messages/pre
render-error

Error: supabaseUrl 
is required.
    at 
C:\Users\AKRAM 
DAHOUTI AZOUZ\Downloa
ds\akram.sultana-web\
web-fundas\.next\serv
er\chunks\500.js:38:4
7569
    at new rE 
(C:\Users\AKRAM 
DAHOUTI AZOUZ\Downloa
ds\akram.sultana-web\
web-fundas\.next\serv
er\chunks\500.js:38:4
7820)
    at rS 
(C:\Users\AKRAM 
DAHOUTI AZOUZ\Downloa
ds\akram.sultana-web\
web-fundas\.next\serv
er\chunks\500.js:38:5
1503)
    at 5472 
(C:\Users\AKRAM 
DAHOUTI AZOUZ\Downloa
ds\akram.sultana-web\
web-fundas\.next\serv
er\chunks\757.js:1:14
233)
    at t 
(C:\Users\AKRAM 
DAHOUTI AZOUZ\Downloa
ds\akram.sultana-web\
web-fundas\.next\serv
er\webpack-runtime.js
:1:127)
    at 5035 
(C:\Users\AKRAM 
DAHOUTI AZOUZ\Downloa
ds\akram.sultana-web\
web-fundas\.next\serv
er\chunks\757.js:1:13
037)
    at t 
(C:\Users\AKRAM 
DAHOUTI AZOUZ\Downloa
ds\akram.sultana-web\
web-fundas\.next\serv
er\webpack-runtime.js
:1:127)
    at 6728 
(C:\Users\AKRAM 
DAHOUTI AZOUZ\Downloa
ds\akram.sultana-web\
web-fundas\.next\serv
er\chunks\757.js:1:14
03)
    at Object.t [as 
require] 
(C:\Users\AKRAM 
DAHOUTI AZOUZ\Downloa
ds\akram.sultana-web\
web-fundas\.next\serv
er\webpack-runtime.js
:1:127)
    at require 
(C:\Users\AKRAM 
DAHOUTI AZOUZ\Downloa
ds\akram.sultana-web\
web-fundas\node_modul
es\next\dist\compiled
\next-server\app-page
.runtime.prod.js:17:1
8811)
Error: supabaseUrl 
is required.
    at 
C:\Users\AKRAM 
DAHOUTI AZOUZ\Downloa
ds\akram.sultana-web\
web-fundas\.next\serv
er\chunks\500.js:38:4
7569
    at new rE 
(C:\Users\AKRAM 
DAHOUTI AZOUZ\Downloa
ds\akram.sultana-web\
web-fundas\.next\serv
er\chunks\500.js:38:4
7820)
    at rS 
(C:\Users\AKRAM 
DAHOUTI AZOUZ\Downloa
ds\akram.sultana-web\
web-fundas\.next\serv
er\chunks\500.js:38:5
1503)
    at 5472 
(C:\Users\AKRAM 
DAHOUTI AZOUZ\Downloa
ds\akram.sultana-web\
web-fundas\.next\serv
er\chunks\757.js:1:14
233)
    at t 
(C:\Users\AKRAM 
DAHOUTI AZOUZ\Downloa
ds\akram.sultana-web\
web-fundas\.next\serv
er\webpack-runtime.js
:1:127)
    at 5035 
(C:\Users\AKRAM 
DAHOUTI AZOUZ\Downloa
ds\akram.sultana-web\
web-fundas\.next\serv
er\chunks\757.js:1:13
037)
    at t 
(C:\Users\AKRAM 
DAHOUTI AZOUZ\Downloa
ds\akram.sultana-web\
web-fundas\.next\serv
er\webpack-runtime.js
:1:127)
    at 6728 
(C:\Users\AKRAM 
DAHOUTI AZOUZ\Downloa
ds\akram.sultana-web\
web-fundas\.next\serv
er\chunks\757.js:1:14
03)
    at Object.t [as 
require] 
(C:\Users\AKRAM 
DAHOUTI AZOUZ\Downloa
ds\akram.sultana-web\
web-fundas\.next\serv
er\webpack-runtime.js
:1:127)
    at require 
(C:\Users\AKRAM 
DAHOUTI AZOUZ\Downloa
ds\akram.sultana-web\
web-fundas\node_modul
es\next\dist\compiled
\next-server\app-page
.runtime.prod.js:17:1
8811) {
  digest: '792840869'
}

Error occurred 
prerendering page 
"/". Read more: https
://nextjs.org/docs/me
ssages/prerender-erro
r

Error: supabaseUrl 
is required.
    at 
C:\Users\AKRAM 
DAHOUTI AZOUZ\Downloa
ds\akram.sultana-web\
web-fundas\.next\serv
er\chunks\500.js:38:4
7569
    at new rE 
(C:\Users\AKRAM 
DAHOUTI AZOUZ\Downloa
ds\akram.sultana-web\
web-fundas\.next\serv
er\chunks\500.js:38:4
7820)
    at rS 
(C:\Users\AKRAM 
DAHOUTI AZOUZ\Downloa
ds\akram.sultana-web\
web-fundas\.next\serv
er\chunks\500.js:38:5
1503)
    at 5472 
(C:\Users\AKRAM 
DAHOUTI AZOUZ\Downloa
ds\akram.sultana-web\
web-fundas\.next\serv
er\chunks\757.js:1:14
233)
    at t 
(C:\Users\AKRAM 
DAHOUTI AZOUZ\Downloa
ds\akram.sultana-web\
web-fundas\.next\serv
er\webpack-runtime.js
:1:127)
    at 5035 
(C:\Users\AKRAM 
DAHOUTI AZOUZ\Downloa
ds\akram.sultana-web\
web-fundas\.next\serv
er\chunks\757.js:1:13
037)
    at t 
(C:\Users\AKRAM 
DAHOUTI AZOUZ\Downloa
ds\akram.sultana-web\
web-fundas\.next\serv
er\webpack-runtime.js
:1:127)
    at 6728 
(C:\Users\AKRAM 
DAHOUTI AZOUZ\Downloa
ds\akram.sultana-web\
web-fundas\.next\serv
er\chunks\757.js:1:14
03)
    at Object.t [as 
require] 
(C:\Users\AKRAM 
DAHOUTI AZOUZ\Downloa
ds\akram.sultana-web\
web-fundas\.next\serv
er\webpack-runtime.js
:1:127)
    at require 
(C:\Users\AKRAM 
DAHOUTI AZOUZ\Downloa
ds\akram.sultana-web\
web-fundas\node_modul
es\next\dist\compiled
\next-server\app-page
.runtime.prod.js:17:1
8811)
 Ô£ô Generating static pages (24/24)

> Export encountered 
errors on following 
paths:
	/_not-found/page: 
/_not-found
	/about/page: /about
	/admin/login/page: 
/admin/login
	/admin/page: /admin
	/carrito/page: 
/carrito
	/checkout/page: 
/checkout
	/collections/page: 
/collections
	/contacto/page: 
/contacto
	/cuenta/page: 
/cuenta
	/devoluciones/page: 
/devoluciones
	/envios/page: 
/envios
	/fundas/page: 
/fundas
	/garantia/page: 
/garantia
	/page: /
	/privacidad/page: 
/privacidad
	/terminos/page: 
/terminos
