
C:\Users\AKRAM DAHOUTI AZOUZ\Downloads\akram.sultana-web\web-fundas\app\admin\page.tsx
   17:26  error  Unexpected any. Specify a different type  @typescript-eslint/no-explicit-any
  225:73  error  Unexpected any. Specify a different type  @typescript-eslint/no-explicit-any

C:\Users\AKRAM DAHOUTI AZOUZ\Downloads\akram.sultana-web\web-fundas\app\api\admin\orders\[id]\route.ts
  61:17  error  Unexpected any. Specify a different type  @typescript-eslint/no-explicit-any

C:\Users\AKRAM DAHOUTI AZOUZ\Downloads\akram.sultana-web\web-fundas\app\api\admin\orders\route.ts
  46:17  error  Unexpected any. Specify a different type  @typescript-eslint/no-explicit-any

C:\Users\AKRAM DAHOUTI AZOUZ\Downloads\akram.sultana-web\web-fundas\app\api\orders\route.ts
  39:17  error  Unexpected any. Specify a different type  @typescript-eslint/no-explicit-any

C:\Users\AKRAM DAHOUTI AZOUZ\Downloads\akram.sultana-web\web-fundas\app\carrito\page.tsx
  15:9  error  Error: Calling setState synchronously within an effect can trigger cascading renders

Effects are intended to synchronize state between React and external systems such as manually updating the DOM, state management libraries, or other platform APIs. In general, the body of an effect should do one or both of the following:
* Update external systems with the latest state from React.
* Subscribe for updates from some external system, calling setState in a callback function when external state changes.

Calling setState synchronously within an effect body causes cascading renders that can hurt performance, and is not recommended. (https://react.dev/learn/you-might-not-need-an-effect).

C:\Users\AKRAM DAHOUTI AZOUZ\Downloads\akram.sultana-web\web-fundas\app\carrito\page.tsx:15:9
  13 |
  14 |     useEffect(() => {
> 15 |         setItems(getCart());
     |         ^^^^^^^^ Avoid calling setState() directly within an effect
  16 |         setMounted(true);
  17 |     }, []);
  18 |  react-hooks/set-state-in-effect

C:\Users\AKRAM DAHOUTI AZOUZ\Downloads\akram.sultana-web\web-fundas\app\contacto\page.tsx
  50:25  error  Unexpected any. Specify a different type  @typescript-eslint/no-explicit-any

C:\Users\AKRAM DAHOUTI AZOUZ\Downloads\akram.sultana-web\web-fundas\components\AuthModal.tsx
  92:23  error  Unexpected any. Specify a different type  @typescript-eslint/no-explicit-any

C:\Users\AKRAM DAHOUTI AZOUZ\Downloads\akram.sultana-web\web-fundas\hooks\useAuth.ts
  16:17  error  Error: Cannot access variable before it is declared

`syncProfile` is accessed before it is declared, which prevents the earlier access from updating when this value changes over time.

C:\Users\AKRAM DAHOUTI AZOUZ\Downloads\akram.sultana-web\web-fundas\hooks\useAuth.ts:16:17
  14 |             setUser(session?.user ?? null);
  15 |             if (session?.user) {
> 16 |                 syncProfile(session.user);
     |                 ^^^^^^^^^^^ `syncProfile` accessed before it is declared
  17 |             }
  18 |             setLoading(false);
  19 |         });

C:\Users\AKRAM DAHOUTI AZOUZ\Downloads\akram.sultana-web\web-fundas\hooks\useAuth.ts:45:5
  43 |
  44 |     // Sync user profile to profiles table
> 45 |     const syncProfile = async (user: User) => {
     |     ^^^^^^^^^^^^^^^^^^^^^^^^^^^^^^^^^^^^^^^^^^^
> 46 |         try {
     | ^^^^^^^^^^^^^
> 47 |             await supabase
     ÔÇª
     | ^^^^^^^^^^^^^
> 58 |         }
     | ^^^^^^^^^^^^^
> 59 |     };
     | ^^^^^^^ `syncProfile` is declared here
  60 |
  61 |     const signInWithGoogle = async () => {
  62 |         const { error } = await supabase.auth.signInWithOAuth({  react-hooks/immutability

C:\Users\AKRAM DAHOUTI AZOUZ\Downloads\akram.sultana-web\web-fundas\hooks\useCartCount.ts
  16:9  error  Error: Calling setState synchronously within an effect can trigger cascading renders

Effects are intended to synchronize state between React and external systems such as manually updating the DOM, state management libraries, or other platform APIs. In general, the body of an effect should do one or both of the following:
* Update external systems with the latest state from React.
* Subscribe for updates from some external system, calling setState in a callback function when external state changes.

Calling setState synchronously within an effect body causes cascading renders that can hurt performance, and is not recommended. (https://react.dev/learn/you-might-not-need-an-effect).

C:\Users\AKRAM DAHOUTI AZOUZ\Downloads\akram.sultana-web\web-fundas\hooks\useCartCount.ts:16:9
  14 |
  15 |     useEffect(() => {
> 16 |         updateCount();
     |         ^^^^^^^^^^^ Avoid calling setState() directly within an effect
  17 |
  18 |         const handleUpdate = () => updateCount();
  19 |  react-hooks/set-state-in-effect

Ô£û 10 problems (10 errors, 0 warnings)

